error: Unknown field: `direc`. Did you mean `direct`?
 --> $DIR/direct_configuration-f-0.rs:8:17
  |
8 | #[configuration(direc)]
  |                 ^^^^^
