error: Unknown field: `direc`. Did you mean `direct`?
  --> $DIR/direct_configuration-f-1.rs:13:17
   |
13 | #[configuration(direc)]
   |                 ^^^^^
